// Jest Snapshot v1, https://goo.gl/fbAQLP

exports[`Component frames an empty reflection 1`] = `
<body>
  <div>
    <div
      class="test-mirror-frame"
    />
  </div>
</body>
`;

exports[`Component renders reflection with styles 1`] = `
<body>
  <div>
    <div
      attr="[value"
      class="class1 one"
    >
      <span
        class="class2 two"
      />
    </div>
    <p
      class="class3 three"
    >
      Mock text node
    </p>
  </div>
  <div>
    <div
      class="mirrorFrame_4fzzzxj"
    >
      <div
        class="_4fzzzxj"
        style="pointer-events: none;"
      >
        <style
          type="text/css"
        >
          ._4fzzzxj::before { position: absolute; }
._4fzzzxj::after { content: ''; }

        </style>
        <div
          attr="[value"
          class="class1-one_4fzzzxj"
          style="height: 10px; pointer-events: none;"
        >
          <style
            type="text/css"
          >
            .class1-one_4fzzzxj::before { position: absolute; }
.class1-one_4fzzzxj::after { content: ''; }

          </style>
          <span
            class="class2-two_4fzzzxj"
            style="font-size: 1.3em; display: block; width: 20px; margin: 0px auto; pointer-events: none;"
          >
            <style
              type="text/css"
            >
              .class2-two_4fzzzxj::before { position: absolute; }
.class2-two_4fzzzxj::after { content: ''; }

            </style>
          </span>
        </div>
        <p
          class="class3-three_4fzzzxj"
          style="pointer-events: none;"
        >
          <style
            type="text/css"
          >
            .class3-three_4fzzzxj::before { position: absolute; }
.class3-three_4fzzzxj::after { content: ''; }
.class3-three_4fzzzxj::after { background: red; width: 5px; height: 5px; }

          </style>
          Mock text node
        </p>
      </div>
      <style
        type="text/css"
      >
        .mirrorFrame_4fzzzxj::before { position: absolute; }
.mirrorFrame_4fzzzxj::after { content: ''; }
.mirrorFrame_4fzzzxj::before { content: 'mock text'; }

      </style>
    </div>
  </div>
</body>
`;

exports[`Hook returns an empty reflection 1`] = `<Mirror />`;

exports[`Hook starts reflecting node 1`] = `
<Mirror
  className="test-mirror"
  reflect={<div />}
/>
`;
